/devkitadv/arm-agb-elf/lib/interwork/libstdc++.a
/devkitadv/arm-agb-elf/lib/interwork/libstdc++.la
/devkitadv/arm-agb-elf/lib/interwork/libsupc++.a
/devkitadv/arm-agb-elf/lib/interwork/libsupc++.la
/devkitadv/arm-agb-elf/lib/libstdc++.a
/devkitadv/arm-agb-elf/lib/libstdc++.la
/devkitadv/arm-agb-elf/lib/libsupc++.a
/devkitadv/arm-agb-elf/lib/libsupc++.la
/devkitadv/arm-agb-elf/lib/thumb/interwork/libstdc++.a
/devkitadv/arm-agb-elf/lib/thumb/interwork/libstdc++.la
/devkitadv/arm-agb-elf/lib/thumb/interwork/libsupc++.a
/devkitadv/arm-agb-elf/lib/thumb/interwork/libsupc++.la
/devkitadv/arm-agb-elf/lib/thumb/libstdc++.a
/devkitadv/arm-agb-elf/lib/thumb/libstdc++.la
/devkitadv/arm-agb-elf/lib/thumb/libsupc++.a
/devkitadv/arm-agb-elf/lib/thumb/libsupc++.la
/devkitadv/include/g++-v3/algorithm
/devkitadv/include/g++-v3/arm-agb-elf/bits/atomicity.h
/devkitadv/include/g++-v3/arm-agb-elf/bits/basic_file_model.h
/devkitadv/include/g++-v3/arm-agb-elf/bits/c++config.h
/devkitadv/include/g++-v3/arm-agb-elf/bits/c++io.h
/devkitadv/include/g++-v3/arm-agb-elf/bits/c++locale.h
/devkitadv/include/g++-v3/arm-agb-elf/bits/ctype_base.h
/devkitadv/include/g++-v3/arm-agb-elf/bits/ctype_inline.h
/devkitadv/include/g++-v3/arm-agb-elf/bits/ctype_noninline.h
/devkitadv/include/g++-v3/arm-agb-elf/bits/gthr-default.h
/devkitadv/include/g++-v3/arm-agb-elf/bits/gthr-single.h
/devkitadv/include/g++-v3/arm-agb-elf/bits/gthr.h
/devkitadv/include/g++-v3/arm-agb-elf/bits/limits.h
/devkitadv/include/g++-v3/arm-agb-elf/bits/os_defines.h
/devkitadv/include/g++-v3/backward/algo.h
/devkitadv/include/g++-v3/backward/algobase.h
/devkitadv/include/g++-v3/backward/alloc.h
/devkitadv/include/g++-v3/backward/backward_warning.h
/devkitadv/include/g++-v3/backward/bvector.h
/devkitadv/include/g++-v3/backward/complex.h
/devkitadv/include/g++-v3/backward/defalloc.h
/devkitadv/include/g++-v3/backward/deque.h
/devkitadv/include/g++-v3/backward/fstream.h
/devkitadv/include/g++-v3/backward/function.h
/devkitadv/include/g++-v3/backward/hash_map.h
/devkitadv/include/g++-v3/backward/hash_set.h
/devkitadv/include/g++-v3/backward/hashtable.h
/devkitadv/include/g++-v3/backward/heap.h
/devkitadv/include/g++-v3/backward/iomanip.h
/devkitadv/include/g++-v3/backward/iostream.h
/devkitadv/include/g++-v3/backward/istream.h
/devkitadv/include/g++-v3/backward/iterator.h
/devkitadv/include/g++-v3/backward/list.h
/devkitadv/include/g++-v3/backward/map.h
/devkitadv/include/g++-v3/backward/multimap.h
/devkitadv/include/g++-v3/backward/multiset.h
/devkitadv/include/g++-v3/backward/new.h
/devkitadv/include/g++-v3/backward/ostream.h
/devkitadv/include/g++-v3/backward/pair.h
/devkitadv/include/g++-v3/backward/queue.h
/devkitadv/include/g++-v3/backward/rope.h
/devkitadv/include/g++-v3/backward/set.h
/devkitadv/include/g++-v3/backward/slist.h
/devkitadv/include/g++-v3/backward/stack.h
/devkitadv/include/g++-v3/backward/stream.h
/devkitadv/include/g++-v3/backward/streambuf.h
/devkitadv/include/g++-v3/backward/strstream
/devkitadv/include/g++-v3/backward/strstream.h
/devkitadv/include/g++-v3/backward/tempbuf.h
/devkitadv/include/g++-v3/backward/tree.h
/devkitadv/include/g++-v3/backward/vector.h
/devkitadv/include/g++-v3/bits/basic_file.h
/devkitadv/include/g++-v3/bits/basic_ios.h
/devkitadv/include/g++-v3/bits/basic_ios.tcc
/devkitadv/include/g++-v3/bits/basic_string.h
/devkitadv/include/g++-v3/bits/basic_string.tcc
/devkitadv/include/g++-v3/bits/boost_concept_check.h
/devkitadv/include/g++-v3/bits/char_traits.h
/devkitadv/include/g++-v3/bits/cmath.tcc
/devkitadv/include/g++-v3/bits/codecvt.h
/devkitadv/include/g++-v3/bits/concept_check.h
/devkitadv/include/g++-v3/bits/cpp_type_traits.h
/devkitadv/include/g++-v3/bits/fpos.h
/devkitadv/include/g++-v3/bits/fstream.tcc
/devkitadv/include/g++-v3/bits/functexcept.h
/devkitadv/include/g++-v3/bits/generic_shadow.h
/devkitadv/include/g++-v3/bits/gslice.h
/devkitadv/include/g++-v3/bits/gslice_array.h
/devkitadv/include/g++-v3/bits/indirect_array.h
/devkitadv/include/g++-v3/bits/ios_base.h
/devkitadv/include/g++-v3/bits/istream.tcc
/devkitadv/include/g++-v3/bits/locale_facets.h
/devkitadv/include/g++-v3/bits/locale_facets.tcc
/devkitadv/include/g++-v3/bits/localefwd.h
/devkitadv/include/g++-v3/bits/mask_array.h
/devkitadv/include/g++-v3/bits/ostream.tcc
/devkitadv/include/g++-v3/bits/pthread_allocimpl.h
/devkitadv/include/g++-v3/bits/sbuf_iter.h
/devkitadv/include/g++-v3/bits/slice.h
/devkitadv/include/g++-v3/bits/slice_array.h
/devkitadv/include/g++-v3/bits/sstream.tcc
/devkitadv/include/g++-v3/bits/std_algorithm.h
/devkitadv/include/g++-v3/bits/std_bitset.h
/devkitadv/include/g++-v3/bits/std_cassert.h
/devkitadv/include/g++-v3/bits/std_cctype.h
/devkitadv/include/g++-v3/bits/std_cerrno.h
/devkitadv/include/g++-v3/bits/std_cfloat.h
/devkitadv/include/g++-v3/bits/std_climits.h
/devkitadv/include/g++-v3/bits/std_clocale.h
/devkitadv/include/g++-v3/bits/std_cmath.h
/devkitadv/include/g++-v3/bits/std_complex.h
/devkitadv/include/g++-v3/bits/std_csetjmp.h
/devkitadv/include/g++-v3/bits/std_csignal.h
/devkitadv/include/g++-v3/bits/std_cstdarg.h
/devkitadv/include/g++-v3/bits/std_cstddef.h
/devkitadv/include/g++-v3/bits/std_cstdio.h
/devkitadv/include/g++-v3/bits/std_cstdlib.h
/devkitadv/include/g++-v3/bits/std_cstring.h
/devkitadv/include/g++-v3/bits/std_ctime.h
/devkitadv/include/g++-v3/bits/std_cwchar.h
/devkitadv/include/g++-v3/bits/std_cwctype.h
/devkitadv/include/g++-v3/bits/std_deque.h
/devkitadv/include/g++-v3/bits/std_fstream.h
/devkitadv/include/g++-v3/bits/std_functional.h
/devkitadv/include/g++-v3/bits/std_iomanip.h
/devkitadv/include/g++-v3/bits/std_ios.h
/devkitadv/include/g++-v3/bits/std_iosfwd.h
/devkitadv/include/g++-v3/bits/std_iostream.h
/devkitadv/include/g++-v3/bits/std_istream.h
/devkitadv/include/g++-v3/bits/std_iterator.h
/devkitadv/include/g++-v3/bits/std_limits.h
/devkitadv/include/g++-v3/bits/std_list.h
/devkitadv/include/g++-v3/bits/std_locale.h
/devkitadv/include/g++-v3/bits/std_map.h
/devkitadv/include/g++-v3/bits/std_memory.h
/devkitadv/include/g++-v3/bits/std_numeric.h
/devkitadv/include/g++-v3/bits/std_ostream.h
/devkitadv/include/g++-v3/bits/std_queue.h
/devkitadv/include/g++-v3/bits/std_set.h
/devkitadv/include/g++-v3/bits/std_sstream.h
/devkitadv/include/g++-v3/bits/std_stack.h
/devkitadv/include/g++-v3/bits/std_stdexcept.h
/devkitadv/include/g++-v3/bits/std_streambuf.h
/devkitadv/include/g++-v3/bits/std_string.h
/devkitadv/include/g++-v3/bits/std_utility.h
/devkitadv/include/g++-v3/bits/std_valarray.h
/devkitadv/include/g++-v3/bits/std_vector.h
/devkitadv/include/g++-v3/bits/stl_algo.h
/devkitadv/include/g++-v3/bits/stl_algobase.h
/devkitadv/include/g++-v3/bits/stl_alloc.h
/devkitadv/include/g++-v3/bits/stl_bvector.h
/devkitadv/include/g++-v3/bits/stl_construct.h
/devkitadv/include/g++-v3/bits/stl_deque.h
/devkitadv/include/g++-v3/bits/stl_function.h
/devkitadv/include/g++-v3/bits/stl_heap.h
/devkitadv/include/g++-v3/bits/stl_iterator.h
/devkitadv/include/g++-v3/bits/stl_iterator_base_funcs.h
/devkitadv/include/g++-v3/bits/stl_iterator_base_types.h
/devkitadv/include/g++-v3/bits/stl_list.h
/devkitadv/include/g++-v3/bits/stl_map.h
/devkitadv/include/g++-v3/bits/stl_multimap.h
/devkitadv/include/g++-v3/bits/stl_multiset.h
/devkitadv/include/g++-v3/bits/stl_numeric.h
/devkitadv/include/g++-v3/bits/stl_pair.h
/devkitadv/include/g++-v3/bits/stl_pthread_alloc.h
/devkitadv/include/g++-v3/bits/stl_queue.h
/devkitadv/include/g++-v3/bits/stl_raw_storage_iter.h
/devkitadv/include/g++-v3/bits/stl_relops.h
/devkitadv/include/g++-v3/bits/stl_set.h
/devkitadv/include/g++-v3/bits/stl_stack.h
/devkitadv/include/g++-v3/bits/stl_tempbuf.h
/devkitadv/include/g++-v3/bits/stl_threads.h
/devkitadv/include/g++-v3/bits/stl_tree.h
/devkitadv/include/g++-v3/bits/stl_uninitialized.h
/devkitadv/include/g++-v3/bits/stl_vector.h
/devkitadv/include/g++-v3/bits/streambuf.tcc
/devkitadv/include/g++-v3/bits/stringfwd.h
/devkitadv/include/g++-v3/bits/type_traits.h
/devkitadv/include/g++-v3/bits/valarray_array.h
/devkitadv/include/g++-v3/bits/valarray_array.tcc
/devkitadv/include/g++-v3/bits/valarray_meta.h
/devkitadv/include/g++-v3/bitset
/devkitadv/include/g++-v3/cassert
/devkitadv/include/g++-v3/cctype
/devkitadv/include/g++-v3/cerrno
/devkitadv/include/g++-v3/cfloat
/devkitadv/include/g++-v3/ciso646
/devkitadv/include/g++-v3/climits
/devkitadv/include/g++-v3/clocale
/devkitadv/include/g++-v3/cmath
/devkitadv/include/g++-v3/complex
/devkitadv/include/g++-v3/csetjmp
/devkitadv/include/g++-v3/csignal
/devkitadv/include/g++-v3/cstdarg
/devkitadv/include/g++-v3/cstddef
/devkitadv/include/g++-v3/cstdio
/devkitadv/include/g++-v3/cstdlib
/devkitadv/include/g++-v3/cstring
/devkitadv/include/g++-v3/ctime
/devkitadv/include/g++-v3/cwchar
/devkitadv/include/g++-v3/cwctype
/devkitadv/include/g++-v3/cxxabi.h
/devkitadv/include/g++-v3/deque
/devkitadv/include/g++-v3/exception
/devkitadv/include/g++-v3/exception_defines.h
/devkitadv/include/g++-v3/ext/hash_map
/devkitadv/include/g++-v3/ext/hash_set
/devkitadv/include/g++-v3/ext/rope
/devkitadv/include/g++-v3/ext/ropeimpl.h
/devkitadv/include/g++-v3/ext/slist
/devkitadv/include/g++-v3/ext/stl_hash_fun.h
/devkitadv/include/g++-v3/ext/stl_hashtable.h
/devkitadv/include/g++-v3/ext/stl_rope.h
/devkitadv/include/g++-v3/fstream
/devkitadv/include/g++-v3/functional
/devkitadv/include/g++-v3/iomanip
/devkitadv/include/g++-v3/ios
/devkitadv/include/g++-v3/iosfwd
/devkitadv/include/g++-v3/iostream
/devkitadv/include/g++-v3/istream
/devkitadv/include/g++-v3/iterator
/devkitadv/include/g++-v3/limits
/devkitadv/include/g++-v3/list
/devkitadv/include/g++-v3/locale
/devkitadv/include/g++-v3/map
/devkitadv/include/g++-v3/memory
/devkitadv/include/g++-v3/new
/devkitadv/include/g++-v3/numeric
/devkitadv/include/g++-v3/ostream
/devkitadv/include/g++-v3/queue
/devkitadv/include/g++-v3/set
/devkitadv/include/g++-v3/sstream
/devkitadv/include/g++-v3/stack
/devkitadv/include/g++-v3/stdexcept
/devkitadv/include/g++-v3/streambuf
/devkitadv/include/g++-v3/string
/devkitadv/include/g++-v3/typeinfo
/devkitadv/include/g++-v3/utility
/devkitadv/include/g++-v3/valarray
/devkitadv/include/g++-v3/vector
/devkitadv/libstdcpp.lst
