Archive member included to satisfy reference by file (symbol)

/opt/devkitpro/libgba/lib/libmm.a(mm_effect.o)
                              moonquake.o (mmEffectEx)
/opt/devkitpro/libgba/lib/libmm.a(mm_mas_arm.o)
                              /opt/devkitpro/libgba/lib/libmm.a(mm_effect.o) (mmAllocChannel)
/opt/devkitpro/libgba/lib/libmm.a(mm_mixer_gba.o)
                              moonquake.o (mmVBlank)
/opt/devkitpro/libgba/lib/libmm.a(mm_init_default.o)
                              moonquake.o (mmInitDefault)
/opt/devkitpro/libgba/lib/libmm.a(mm_main_gba.o)
                              /opt/devkitpro/libgba/lib/libmm.a(mm_mixer_gba.o) (mm_vblank_function)
/opt/devkitpro/libgba/lib/libmm.a(mm_mas.o)
                              /opt/devkitpro/libgba/lib/libmm.a(mm_main_gba.o) (mmLayerMain)
/opt/devkitpro/libgba/lib/libmm.a(mm_main.o)
                              /opt/devkitpro/libgba/lib/libmm.a(mm_mas.o) (mmCallback)
/opt/devkitpro/libgba/lib/libgba.a(interrupt.o)
                              moonquake.o (irqInit)
/opt/devkitpro/libgba/lib/libgba.a(InterruptDispatcher.o)
                              /opt/devkitpro/libgba/lib/libgba.a(interrupt.o) (IntrMain)
/opt/devkitpro/devkitARM/bin/../lib/gcc/arm-none-eabi/12.2.0/thumb/libgcc.a(_udivsi3.o)
                              moonquake.o (__aeabi_uidiv)
/opt/devkitpro/devkitARM/bin/../lib/gcc/arm-none-eabi/12.2.0/thumb/libgcc.a(_divsi3.o)
                              moonquake.o (__aeabi_idiv)
/opt/devkitpro/devkitARM/bin/../lib/gcc/arm-none-eabi/12.2.0/thumb/libgcc.a(_dvmd_tls.o)
                              /opt/devkitpro/devkitARM/bin/../lib/gcc/arm-none-eabi/12.2.0/thumb/libgcc.a(_udivsi3.o) (__aeabi_idiv0)
/opt/devkitpro/devkitARM/bin/../lib/gcc/arm-none-eabi/12.2.0/thumb/libgcc.a(_call_via_rX.o)
                              /opt/devkitpro/libgba/lib/libmm.a(mm_main_gba.o) (_call_via_r1)
/opt/devkitpro/devkitARM/bin/../lib/gcc/arm-none-eabi/12.2.0/../../../../arm-none-eabi/lib/thumb/libg.a(libc_a-malloc.o)
                              /opt/devkitpro/libgba/lib/libmm.a(mm_init_default.o) (malloc)
/opt/devkitpro/devkitARM/bin/../lib/gcc/arm-none-eabi/12.2.0/../../../../arm-none-eabi/lib/thumb/libg.a(libc_a-mallocr.o)
                              /opt/devkitpro/devkitARM/bin/../lib/gcc/arm-none-eabi/12.2.0/../../../../arm-none-eabi/lib/thumb/libg.a(libc_a-malloc.o) (_malloc_r)
/opt/devkitpro/devkitARM/bin/../lib/gcc/arm-none-eabi/12.2.0/../../../../arm-none-eabi/lib/thumb/libg.a(libc_a-mlock.o)
                              /opt/devkitpro/devkitARM/bin/../lib/gcc/arm-none-eabi/12.2.0/../../../../arm-none-eabi/lib/thumb/libg.a(libc_a-mallocr.o) (__malloc_lock)
/opt/devkitpro/devkitARM/bin/../lib/gcc/arm-none-eabi/12.2.0/../../../../arm-none-eabi/lib/thumb/libg.a(libc_a-rand.o)
                              moonquake.o (srand)
/opt/devkitpro/devkitARM/bin/../lib/gcc/arm-none-eabi/12.2.0/../../../../arm-none-eabi/lib/thumb/libg.a(libc_a-memset.o)
                              moonquake.o (memset)
/opt/devkitpro/devkitARM/bin/../lib/gcc/arm-none-eabi/12.2.0/../../../../arm-none-eabi/lib/thumb/libg.a(libc_a-strlen.o)
                              moonquake.o (strlen)
/opt/devkitpro/devkitARM/bin/../lib/gcc/arm-none-eabi/12.2.0/../../../../arm-none-eabi/lib/thumb/libg.a(libc_a-init.o)
                              /opt/devkitpro/devkitARM/bin/../lib/gcc/arm-none-eabi/12.2.0/../../../../arm-none-eabi/lib/thumb/gba_crt0.o (__libc_init_array)
/opt/devkitpro/devkitARM/bin/../lib/gcc/arm-none-eabi/12.2.0/../../../../arm-none-eabi/lib/thumb/libg.a(libc_a-memcpy-stub.o)
                              moonquake.o (memcpy)
/opt/devkitpro/devkitARM/bin/../lib/gcc/arm-none-eabi/12.2.0/../../../../arm-none-eabi/lib/thumb/libg.a(libc_a-freer.o)
                              /opt/devkitpro/devkitARM/bin/../lib/gcc/arm-none-eabi/12.2.0/../../../../arm-none-eabi/lib/thumb/libg.a(libc_a-malloc.o) (_free_r)
/opt/devkitpro/devkitARM/bin/../lib/gcc/arm-none-eabi/12.2.0/../../../../arm-none-eabi/lib/thumb/libsysbase.a(libsysbase_libsysbase_a-getreent.o)
                              /opt/devkitpro/devkitARM/bin/../lib/gcc/arm-none-eabi/12.2.0/../../../../arm-none-eabi/lib/thumb/libg.a(libc_a-malloc.o) (__getreent)
/opt/devkitpro/devkitARM/bin/../lib/gcc/arm-none-eabi/12.2.0/../../../../arm-none-eabi/lib/thumb/libsysbase.a(libsysbase_libsysbase_a-malloc_vars.o)
                              /opt/devkitpro/devkitARM/bin/../lib/gcc/arm-none-eabi/12.2.0/../../../../arm-none-eabi/lib/thumb/gba_crt0.o (fake_heap_end)
/opt/devkitpro/devkitARM/bin/../lib/gcc/arm-none-eabi/12.2.0/../../../../arm-none-eabi/lib/thumb/libsysbase.a(libsysbase_libsysbase_a-sbrk.o)
                              /opt/devkitpro/devkitARM/bin/../lib/gcc/arm-none-eabi/12.2.0/../../../../arm-none-eabi/lib/thumb/libg.a(libc_a-mallocr.o) (_sbrk_r)
/opt/devkitpro/devkitARM/bin/../lib/gcc/arm-none-eabi/12.2.0/../../../../arm-none-eabi/lib/thumb/libsysbase.a(libsysbase_libsysbase_a-syscall_support.o)
[...]
Memory Configuration

Name             Origin             Length             Attributes
rom              0x08000000         0x02000000
iwram            0x03000000         0x00008000
ewram            0x02000000         0x00040000
*default*        0x00000000         0xffffffff

Linker script and memory map

                0x08000000                        __text_start = ORIGIN (rom)
                0x02040000                        __eheap_end = (ORIGIN (ewram) + LENGTH (ewram))
                0x03000000                        __iwram_start = ORIGIN (iwram)
                0x03008000                        __iwram_top = (ORIGIN (iwram) + LENGTH (iwram))
                0x03007fa0                        __sp_irq = (__iwram_top - 0x60)
                0x03007f00                        __sp_usr = (__sp_irq - 0xa0)
                0x03007ff8                        __irq_flags = 0x3007ff8
                0x08000000                        . = __text_start

.crt0           0x08000000      0x210
 *(.crt0)
 .crt0          0x08000000      0x210 /opt/devkitpro/devkitARM/bin/../lib/gcc/arm-none-eabi/12.2.0/../../../../arm-none-eabi/lib/thumb/gba_crt0.o
                0x08000000                _start
                0x080000c4                __boot_method
                0x080000c5                __slave_number
                0x080000e0                start_vector
                0x08000210                        . = ALIGN (0x4)

.init           0x08000210        0xc
 *(SORT_NONE(.init))
 .init          0x08000210        0x4 /opt/devkitpro/devkitARM/bin/../lib/gcc/arm-none-eabi/12.2.0/thumb/crti.o
                0x08000210                _init
 .init          0x08000214        0x8 /opt/devkitpro/devkitARM/bin/../lib/gcc/arm-none-eabi/12.2.0/thumb/crtn.o

.plt            0x0800021c        0x0
 *(.plt)
                0x0800021c                        . = ALIGN (0x4)

.text           0x08000220     0x6d78
 *(EXCLUDE_FILE(*.iwram*) .text*)
 .text.__do_global_dtors_aux
                0x08000220       0x2c /opt/devkitpro/devkitARM/bin/../lib/gcc/arm-none-eabi/12.2.0/thumb/crtbegin.o
 .text.frame_dummy
                0x0800024c       0x24 /opt/devkitpro/devkitARM/bin/../lib/gcc/arm-none-eabi/12.2.0/thumb/crtbegin.o
 .text          0x08000270     0x39f8 moonquake.o
                0x08000270                onVBlank
                0x0800027c                wait
                0x0800028c                delay
                0x080002ac                delayOrKeypress
                0x08000300                setTile
                0x08000328                drawObject
                0x08000484                copyGameOAM
                0x080004ac                copyAllOAM
                0x080004d4                copySelectOAM
                0x08000508                copySingleOAM
                0x08000530                initSprites
                0x0800056c                drawSprite
                0x08000590                turnOffSprite
                0x080005a4                turnOffAllSprites
                0x080005c0                turnOffSprites
                0x080005e8                BrightnessInit
                0x08000600                BrightnessSetLevel
                0x08000610                BrightnessEnd
                0x0800061c                BrightnessSetSpritesInactive
                0x08000650                BrightnessSetSpritesActive
                0x08000678                getTextWidth
                0x08000760                writeTextImmediately
                0x08000a6c                writeText
                0x08000b8c                waitForKeyPress
                0x08000b9c                fadeToBlack
                0x08000c64                fadeInColoursOneStep
                0x08000d58                fadeBitmapPaletteIn
                0x08000d90                fadePaletteIn
                0x08000e04                fadeOutSprites
                0x08000f44                displayBitmap
                0x08000fa4                displayTiledBitmap
                0x0800103c                isTileEnterable
                0x08001078                plantBomb
                0x080010bc                pauseActivated
                0x080011e4                checkInGameKeyPresses
                0x080013b8                nuke
                0x08001450                drawManSprite
                0x0800152c                moveMan
                0x0800176c                detonateBomb
                0x08001998                checkExplodingRubble
                0x080019bc                checkBomb
                0x080019e4                checkExplosion
                0x08001a50                robotAI
                0x08001be8                moveRobots
                0x08001e40                generateLevel
                0x080023b4                initialiseLevel
                0x080025dc                shouldGameContinue
                0x080028cc                initialiseGame
                0x080028f4                displayStory
                0x080031f0                handleDeath
                0x08003474                gameLoop
                0x080037fc                displayText
                0x08003928                startGameAndManageContinues
                0x08003c18                SaveRaw
                0x08003c40                LoadRaw
 .text.startup  0x08003c68      0x53c moonquake.o
                0x08003c68                main
 .text          0x080041a4      0x314 /opt/devkitpro/libgba/lib/libmm.a(mm_effect.o)
                0x080041a4                mmResetEffects
                0x080041d0                mmEffect
                0x080041e6                mmEffectEx
                0x080042e6                mmEffectActive
                0x0800431a                mmEffectVolume
                0x08004336                mmEffectPanning
                0x0800434a                mmEffectRate
                0x0800435e                mmEffectCancel
                0x08004398                mmEffectRelease
                0x080043be                mmEffectScaleRate
                0x080043d2                mmSetEffectsVolume
                0x080043e0                mmEffectCancelAll
                0x08004420                mmUpdateEffects
 .text          0x080044b8      0x1e0 /opt/devkitpro/libgba/lib/libmm.a(mm_mixer_gba.o)
                0x080044b8                mmMixerSetSource
                0x080044cc                mmMixerSetRead
                0x080044da                mmMixerSetFreq
                0x080044ea                mmMixerMulFreq
                0x080044fe                mmMixerStopChannel
                0x08004510                mmMixerChannelActive
                0x08004522                mmMixerSetVolume
                0x08004530                mmMixerSetPan
                0x0800453e                mmMixerInit
 .text          0x08004698       0x44 /opt/devkitpro/libgba/lib/libmm.a(mm_init_default.o)
                0x08004698                mmInitDefault
 .text          0x080046dc      0x12c /opt/devkitpro/libgba/lib/libmm.a(mm_main_gba.o)
                0x080046dc                mmInit
                0x08004730                mmSetVBlankHandler
                0x08004736                mmFrame
 .text          0x08004808     0x1570 /opt/devkitpro/libgba/lib/libmm.a(mm_mas.o)
                0x0800487c                mmStart
                0x0800489c                mmJingle
                0x080048a2                mmPlayModule
                0x0800496c                mmPause
                0x08004988                mmResume
                0x08004998                mmActive
                0x0800499e                mmActiveSub
                0x080049a4                mmSetModuleVolume
                0x080049b4                mmSetJingleVolume
                0x080049f0                mmGetPositionTick
                0x080049f6                mmGetPositionRow
                0x080049fc                mmGetPosition
                0x08004a02                mmPosition
                0x08004a1c                mmSetModuleTempo
                0x08004a4e                mmSetModulePitch
                0x08004a90                mmStop
                0x08004b56                mppUpdateSub
                0x08004cb2                mpp_Process_VolumeCommand
                0x08004eea                mpp_Process_Effect
                0x08005638                ST3_FREQTABLE
                0x08005a58                IT_PitchTable
 .text          0x08005d78       0x14 /opt/devkitpro/libgba/lib/libmm.a(mm_main.o)
                0x08005d78                mpp_call_r7
                0x08005d7a                mpp_call_r1
                0x08005d7c                mpp_call_r2
                0x08005d7e                mpp_call_r3
                0x08005d80                mmSetEventHandler
 .text          0x08005d8c      0x3b8 /opt/devkitpro/libgba/lib/libgba.a(interrupt.o)
                0x08005d8c                dummy
                0x08005d90                InitInterrupt
                0x08005dec                irqInit
                0x08005e48                SetInterrupt
                0x08005f2c                irqSet
                0x08006010                EnableInterrupt
                0x0800605c                irqEnable
                0x080060ac                DisableInterrupt
                0x080060f8                irqDisable
 .text          0x08006144      0x11c /opt/devkitpro/devkitARM/bin/../lib/gcc/arm-none-eabi/12.2.0/thumb/libgcc.a(_udivsi3.o)
                0x08006144                __udivsi3
                0x08006144                __aeabi_uidiv
                0x08006240                __aeabi_uidivmod
 .text          0x08006260      0x150 /opt/devkitpro/devkitARM/bin/../lib/gcc/arm-none-eabi/12.2.0/thumb/libgcc.a(_divsi3.o)
                0x08006260                __aeabi_idiv
                0x08006260                __divsi3
                0x08006390                __aeabi_idivmod
 .text          0x080063b0        0x4 /opt/devkitpro/devkitARM/bin/../lib/gcc/arm-none-eabi/12.2.0/thumb/libgcc.a(_dvmd_tls.o)
                0x080063b0                __aeabi_ldiv0
                0x080063b0                __aeabi_idiv0
 .text          0x080063b4       0x3c /opt/devkitpro/devkitARM/bin/../lib/gcc/arm-none-eabi/12.2.0/thumb/libgcc.a(_call_via_rX.o)
                0x080063b4                _call_via_r0
                0x080063b8                _call_via_r1
                0x080063bc                _call_via_r2
                0x080063c0                _call_via_r3
                0x080063c4                _call_via_r4
                0x080063c8                _call_via_r5
                0x080063cc                _call_via_r6
                0x080063d0                _call_via_r7
                0x080063d4                _call_via_r8
                0x080063d8                _call_via_r9
                0x080063dc                _call_via_sl
                0x080063e0                _call_via_fp
                0x080063e4                _call_via_ip
                0x080063e8                _call_via_sp
                0x080063ec                _call_via_lr
 .text.malloc   0x080063f0       0x14 /opt/devkitpro/devkitARM/bin/../lib/gcc/arm-none-eabi/12.2.0/../../../../arm-none-eabi/lib/thumb/libg.a(libc_a-malloc.o)
                0x080063f0                malloc
 .text._malloc_r
                0x08006404      0x560 /opt/devkitpro/devkitARM/bin/../lib/gcc/arm-none-eabi/12.2.0/../../../../arm-none-eabi/lib/thumb/libg.a(libc_a-mallocr.o)
                0x08006404                _malloc_r
 .text.__malloc_lock
                0x08006964       0x14 /opt/devkitpro/devkitARM/bin/../lib/gcc/arm-none-eabi/12.2.0/../../../../arm-none-eabi/lib/thumb/libg.a(libc_a-mlock.o)
                0x08006964                __malloc_lock
 .text.__malloc_unlock
                0x08006978       0x14 /opt/devkitpro/devkitARM/bin/../lib/gcc/arm-none-eabi/12.2.0/../../../../arm-none-eabi/lib/thumb/libg.a(libc_a-mlock.o)
                0x08006978                __malloc_unlock
 .text.srand    0x0800698c       0x18 /opt/devkitpro/devkitARM/bin/../lib/gcc/arm-none-eabi/12.2.0/../../../../arm-none-eabi/lib/thumb/libg.a(libc_a-rand.o)
                0x0800698c                srand
 .text.rand     0x080069a4       0x34 /opt/devkitpro/devkitARM/bin/../lib/gcc/arm-none-eabi/12.2.0/../../../../arm-none-eabi/lib/thumb/libg.a(libc_a-rand.o)
                0x080069a4                rand
 .text.memset   0x080069d8       0xb0 /opt/devkitpro/devkitARM/bin/../lib/gcc/arm-none-eabi/12.2.0/../../../../arm-none-eabi/lib/thumb/libg.a(libc_a-memset.o)
                0x080069d8                memset
 .text.strlen   0x08006a88       0x60 /opt/devkitpro/devkitARM/bin/../lib/gcc/arm-none-eabi/12.2.0/../../../../arm-none-eabi/lib/thumb/libg.a(libc_a-strlen.o)
                0x08006a88                strlen
 .text.__libc_init_array
                0x08006ae8       0x54 /opt/devkitpro/devkitARM/bin/../lib/gcc/arm-none-eabi/12.2.0/../../../../arm-none-eabi/lib/thumb/libg.a(libc_a-init.o)
                0x08006ae8                __libc_init_array
 .text.memcpy   0x08006b3c       0x94 /opt/devkitpro/devkitARM/bin/../lib/gcc/arm-none-eabi/12.2.0/../../../../arm-none-eabi/lib/thumb/libg.a(libc_a-memcpy-stub.o)
                0x08006b3c                memcpy
 .text._malloc_trim_r
                0x08006bd0       0xac /opt/devkitpro/devkitARM/bin/../lib/gcc/arm-none-eabi/12.2.0/../../../../arm-none-eabi/lib/thumb/libg.a(libc_a-freer.o)
                0x08006bd0                _malloc_trim_r
 .text._free_r  0x08006c7c      0x1d8 /opt/devkitpro/devkitARM/bin/../lib/gcc/arm-none-eabi/12.2.0/../../../../arm-none-eabi/lib/thumb/libg.a(libc_a-freer.o)
                0x08006c7c                _free_r
 .text.__getreent
                0x08006e54       0x20 /opt/devkitpro/devkitARM/bin/../lib/gcc/arm-none-eabi/12.2.0/../../../../arm-none-eabi/lib/thumb/libsysbase.a(libsysbase_libsysbase_a-getreent.o)
                0x08006e54                __getreent
 .text._sbrk_r  0x08006e74       0x54 /opt/devkitpro/devkitARM/bin/../lib/gcc/arm-none-eabi/12.2.0/../../../../arm-none-eabi/lib/thumb/libsysbase.a(libsysbase_libsysbase_a-sbrk.o)
                0x08006e74                _sbrk_r
 .text.__libc_lock_acquire_recursive
                0x08006ec8       0x18 /opt/devkitpro/devkitARM/bin/../lib/gcc/arm-none-eabi/12.2.0/../../../../arm-none-eabi/lib/thumb/libsysbase.a(libsysbase_libsysbase_a-syscall_support.o)
                0x08006ec8                __libc_lock_acquire_recursive
 .text.__libc_lock_release_recursive
                0x08006ee0       0x18 /opt/devkitpro/devkitARM/bin/../lib/gcc/arm-none-eabi/12.2.0/../../../../arm-none-eabi/lib/thumb/libsysbase.a(libsysbase_libsysbase_a-syscall_support.o)
                0x08006ee0                __libc_lock_release_recursive
 .text.__muldi3
                0x08006ef8       0x64 /opt/devkitpro/devkitARM/bin/../lib/gcc/arm-none-eabi/12.2.0/thumb/libgcc.a(_muldi3.o)
                0x08006ef8                __aeabi_lmul
                0x08006ef8                __muldi3
 *fill*         0x08006f5c        0x4 ff
 .text.__muldi3.__stub
                0x08006f60       0x30 linker stubs
 *(.gnu.linkonce.t.*)
 *(.text.*personality*)
 *(.gnu.warning)
 *(.glue_7t)
 .glue_7t       0x08006f98        0x0 linker stubs
 *(.glue_7)
 .glue_7        0x08006f98        0x0 linker stubs
 *(.vfp11_veneer)
 .vfp11_veneer  0x08006f98        0x0 linker stubs
                0x08006f98                        . = ALIGN (0x4)
                0x08006f98                        __text_end = .

.v4_bx          0x08006f98        0x0
 .v4_bx         0x08006f98        0x0 linker stubs

.iplt           0x08006f98        0x0
 .iplt          0x08006f98        0x0 /opt/devkitpro/devkitARM/bin/../lib/gcc/arm-none-eabi/12.2.0/../../../../arm-none-eabi/lib/thumb/gba_crt0.o

.fini           0x08006f98        0xc
 *(.fini)
 .fini          0x08006f98        0x4 /opt/devkitpro/devkitARM/bin/../lib/gcc/arm-none-eabi/12.2.0/thumb/crti.o
                0x08006f98                _fini
 .fini          0x08006f9c        0x8 /opt/devkitpro/devkitARM/bin/../lib/gcc/arm-none-eabi/12.2.0/thumb/crtn.o
                0x08006fa4                        . = ALIGN (0x4)

.rodata         0x08006fa4    0x2f7a0
 *(.rodata)
 .rodata        0x08006fa4      0x200 background.pal.o
                0x08006fa4                background_Palette
 .rodata        0x080071a4     0x3c00 background.raw.o
                0x080071a4                background_Bitmap
 .rodata        0x0800ada4      0x200 credits.pal.o
                0x0800ada4                credits_Palette
 .rodata        0x0800afa4     0x9600 credits.raw.o
                0x0800afa4                credits_Bitmap
 .rodata        0x080145a4      0x1e0 moonquake.o
                0x08014780                spaceWidth
 .rodata        0x08014784      0x200 sprites.pal.o
                0x08014784                sprites_Palette
 .rodata        0x08014984     0x6600 sprites.raw.o
                0x08014984                sprites_Bitmap
 .rodata        0x0801af84      0x200 titlescreen.pal.o
                0x0801af84                titlescreen_Palette
 .rodata        0x0801b184     0x9600 titlescreen.raw.o
                0x0801b184                titlescreen_Bitmap
 *all.rodata*(*)
 *(.roda)
 *(.rodata.*)
 .rodata.soundbank_bin
                0x08024784    0x113f4 soundbank.bin.o
                0x08024784                soundbank_bin
                0x08035b78                soundbank_bin_end
 .rodata.str1.4
                0x08035b78      0xbc9 moonquake.o
 *(.gnu.linkonce.r*)
                0x08036744                        . = ALIGN (0x4)
 *fill*         0x08036741        0x3 ff

.ARM.extab
 *(.ARM.extab* .gnu.linkonce.armextab.*)
                0x08036744                        __exidx_start = .

.ARM.exidx
 *(.ARM.exidx* .gnu.linkonce.armexidx.*)
                0x08036744                        __exidx_end = .

.ctors          0x08036744        0x0
 *crtbegin.o(.ctors)
 *(EXCLUDE_FILE(*crtend.o) .ctors)
 *(SORT_BY_NAME(.ctors.*))
 *(.ctors)
                0x08036744                        . = ALIGN (0x4)

.dtors          0x08036744        0x0
 *crtbegin.o(.dtors)
 *(EXCLUDE_FILE(*crtend.o) .dtors)
 *(SORT_BY_NAME(.dtors.*))
 *(.dtors)
                0x08036744                        . = ALIGN (0x4)

.eh_frame       0x08036744        0x4
 *(.eh_frame)
 .eh_frame      0x08036744        0x0 /opt/devkitpro/devkitARM/bin/../lib/gcc/arm-none-eabi/12.2.0/thumb/crtbegin.o
 .eh_frame      0x08036744        0x4 /opt/devkitpro/devkitARM/bin/../lib/gcc/arm-none-eabi/12.2.0/thumb/crtend.o
                0x08036748                        . = ALIGN (0x4)

.gcc_except_table
                0x08036748        0x0
 *(.gcc_except_table)
                0x08036748                        . = ALIGN (0x4)
                0x08036748                        __iwram_lma = .

.iwram          0x03000000     0x1494 load address 0x08036748
                0x03000000                        __iwram_start__ = ABSOLUTE (.)
 *(.iwram .iwram*)
 .iwram         0x03000000      0x648 /opt/devkitpro/libgba/lib/libmm.a(mm_mas_arm.o)
                0x03000000                mmAllocChannel
                0x03000074                mmReadPattern
                0x03000160                mmUpdateChannel_T0
                0x030003a0                mmUpdateChannel_TN
                0x03000540                mmGetPeriod
                0x03000584                note_table_oct
                0x030005a2                note_table_mod
 .iwram         0x03000648      0x838 /opt/devkitpro/libgba/lib/libmm.a(mm_mixer_gba.o)
                0x0300064c                mmVBlank
                0x030006d0                mmMixerMix
 .iwram         0x03000e80        0x8 /opt/devkitpro/libgba/lib/libmm.a(mm_main_gba.o)
                0x03000e80                mpp_call_r7i
                0x03000e82                mpp_call_r2i
                0x03000e84                mpp_call_r1i
 .iwram         0x03000e88      0x554 /opt/devkitpro/libgba/lib/libmm.a(mm_mas.o)
                0x03000e88                mppProcessTick
                0x03000f6c                mpp_Channel_NewNote
                0x0300104c                mpp_Update_ACHN_notest
 .iwram         0x030013dc       0xb8 /opt/devkitpro/libgba/lib/libgba.a(InterruptDispatcher.o)
                0x030013dc                IntrMain
 *iwram.*(.text* .data*)
                0x03001494                        . = ALIGN (0x4)
                0x03001494                        __iwram_end__ = ABSOLUTE (.)
                0x08037bdc                        __data_lma = (__iwram_lma + SIZEOF (.iwram))

.bss            0x03001494     0x1044
                0x03001494                        __bss_start = ABSOLUTE (.)
                0x03001494                        __bss_start__ = ABSOLUTE (.)
 *(.dynbss)
 *(.gnu.linkonce.b*)
 *(.bss*)
 .bss.completed.1
                0x03001494        0x1 /opt/devkitpro/devkitARM/bin/../lib/gcc/arm-none-eabi/12.2.0/thumb/crtbegin.o
 *fill*         0x03001495        0x3 
 .bss.object.0  0x03001498       0x18 /opt/devkitpro/devkitARM/bin/../lib/gcc/arm-none-eabi/12.2.0/thumb/crtbegin.o
 .bss           0x030014b0      0x698 moonquake.o
                0x030014b0                rubbleCount
                0x030014b4                bombsCurrentlyDropped
                0x030014b6                manDirectionX
                0x030014b8                manDirectionY
                0x030014ba                manX
                0x030014bc                manY
                0x030014be                autoPlantBombs
                0x030014bf                manMaxBombsAllowed
                0x030014c0                manSprite
                0x030014c2                nuked
                0x030014c4                xOffset
                0x030014c6                yOffset
                0x030014c8                manFrame
                0x030014ca                halo
                0x030014cb                lifeStatus
                0x030014cc                universalTimer
                0x030014ce                timeOfDeath
                0x030014d0                totalRobots
                0x030014d4                robot
                0x03001538                flameLength
                0x03001539                robotsHalt
                0x0300153c                level
                0x03001540                numRobots
                0x03001542                haloTimer
                0x03001544                robotsHaltCount
                0x03001546                autoPlantTimer
                0x03001548                lives
                0x0300154c                playerHasContinued
                0x03001550                startLevel
                0x03001554                score
                0x03001558                bombVal
                0x03001650                area
                0x03001748                sprites
 .bss           0x03001b48       0x2d /opt/devkitpro/libgba/lib/libmm.a(mm_effect.o)
                0x03001b6c                mm_sfx_bitmask
                0x03001b70                mm_sfx_clearmask
 *fill*         0x03001b75        0x3 
 .bss           0x03001b78      0x1bc /opt/devkitpro/libgba/lib/libmm.a(mm_mixer_gba.o)
                0x03001b78                mp_writepos
                0x03001b80                mm_mixchannels
                0x03001b88                mm_mixlen
                0x03001b9c                mm_bpmdv
                0x03001ba0                mp_mix_seg
 .bss           0x03001d34      0x420 /opt/devkitpro/libgba/lib/libmm.a(mm_init_default.o)
 .bss           0x03002154        0x8 /opt/devkitpro/libgba/lib/libmm.a(mm_main_gba.o)
                0x03002154                mm_vblank_function
                0x03002158                mp_solution
 .bss           0x0300215c      0x148 /opt/devkitpro/libgba/lib/libmm.a(mm_mas.o)
                0x0300215c                mmLayerMain
                0x03002194                mmLayerSub
                0x030021cc                mpp_vars
                0x030021dc                mpp_layerp
                0x030021e0                mpp_channels
                0x030021f0                mpp_nchannels
                0x030021f1                mpp_clayer
                0x030021f4                mm_achannels
                0x030021f8                mm_pchannels
                0x030021fc                mm_num_mch
                0x03002200                mm_num_ach
                0x03002204                mm_schannels
 .bss           0x030022a4        0x8 /opt/devkitpro/libgba/lib/libmm.a(mm_main.o)
                0x030022a4                mmCallback
                0x030022a8                mm_ch_mask
 .bss.__malloc_current_mallinfo
                0x030022ac       0x28 /opt/devkitpro/devkitARM/bin/../lib/gcc/arm-none-eabi/12.2.0/../../../../arm-none-eabi/lib/thumb/libg.a(libc_a-mallocr.o)
                0x030022ac                __malloc_current_mallinfo
 .bss.__malloc_max_total_mem
                0x030022d4        0x4 /opt/devkitpro/devkitARM/bin/../lib/gcc/arm-none-eabi/12.2.0/../../../../arm-none-eabi/lib/thumb/libg.a(libc_a-mallocr.o)
                0x030022d4                __malloc_max_total_mem
 .bss.__malloc_max_sbrked_mem
                0x030022d8        0x4 /opt/devkitpro/devkitARM/bin/../lib/gcc/arm-none-eabi/12.2.0/../../../../arm-none-eabi/lib/thumb/libg.a(libc_a-mallocr.o)
                0x030022d8                __malloc_max_sbrked_mem
 .bss.__malloc_top_pad
                0x030022dc        0x4 /opt/devkitpro/devkitARM/bin/../lib/gcc/arm-none-eabi/12.2.0/../../../../arm-none-eabi/lib/thumb/libg.a(libc_a-mallocr.o)
                0x030022dc                __malloc_top_pad
 .bss.__malloc_recursive_mutex
                0x030022e0        0xc /opt/devkitpro/devkitARM/bin/../lib/gcc/arm-none-eabi/12.2.0/../../../../arm-none-eabi/lib/thumb/libg.a(libc_a-mlock.o)
 .bss.fake_heap_start
                0x030022ec        0x4 /opt/devkitpro/devkitARM/bin/../lib/gcc/arm-none-eabi/12.2.0/../../../../arm-none-eabi/lib/thumb/libsysbase.a(libsysbase_libsysbase_a-malloc_vars.o)
                0x030022ec                fake_heap_start
 .bss.fake_heap_end
                0x030022f0        0x4 /opt/devkitpro/devkitARM/bin/../lib/gcc/arm-none-eabi/12.2.0/../../../../arm-none-eabi/lib/thumb/libsysbase.a(libsysbase_libsysbase_a-malloc_vars.o)
                0x030022f0                fake_heap_end
 .bss.heap_start.0
                0x030022f4        0x4 /opt/devkitpro/devkitARM/bin/../lib/gcc/arm-none-eabi/12.2.0/../../../../arm-none-eabi/lib/thumb/libsysbase.a(libsysbase_libsysbase_a-sbrk.o)
 .bss.__sf      0x030022f8      0x168 /opt/devkitpro/devkitARM/bin/../lib/gcc/arm-none-eabi/12.2.0/../../../../arm-none-eabi/lib/thumb/libg.a(libc_a-findfp.o)
                0x030022f8                __sf
 *(COMMON)
 COMMON         0x03002460       0x78 /opt/devkitpro/libgba/lib/libgba.a(interrupt.o)
                0x03002460                IntrTable
                0x030024d8                        . = ALIGN (0x4)
                0x030024d8                        __bss_end__ = ABSOLUTE (.)

.data           0x030024d8      0x5a0 load address 0x08037bdc
                0x030024d8                        __data_start__ = ABSOLUTE (.)
 *(.data*)
 .data          0x030024d8       0x64 moonquake.o
                0x030024d8                m0
                0x030024dc                OAM
                0x030024e0                charWidth
                0x03002510                pal
                0x03002514                tiles
                0x03002518                explo
                0x03002524                robotMoveSeed
                0x03002528                mysteryTokenSeed
                0x0300252c                token
                0x03002538                rotData
 .data.__malloc_sbrk_base
                0x0300253c        0x4 /opt/devkitpro/devkitARM/bin/../lib/gcc/arm-none-eabi/12.2.0/../../../../arm-none-eabi/lib/thumb/libg.a(libc_a-mallocr.o)
                0x0300253c                __malloc_sbrk_base
 .data.__malloc_trim_threshold
                0x03002540        0x4 /opt/devkitpro/devkitARM/bin/../lib/gcc/arm-none-eabi/12.2.0/../../../../arm-none-eabi/lib/thumb/libg.a(libc_a-mallocr.o)
                0x03002540                __malloc_trim_threshold
 *fill*         0x03002544        0x4 ff
 .data.__malloc_av_
                0x03002548      0x408 /opt/devkitpro/devkitARM/bin/../lib/gcc/arm-none-eabi/12.2.0/../../../../arm-none-eabi/lib/thumb/libg.a(libc_a-mallocr.o)
                0x03002548                __malloc_av_
 .data._impure_ptr
                0x03002950        0x4 /opt/devkitpro/devkitARM/bin/../lib/gcc/arm-none-eabi/12.2.0/../../../../arm-none-eabi/lib/thumb/libg.a(libc_a-impure.o)
                0x03002950                _impure_ptr
 *fill*         0x03002954        0x4 ff
 .data._impure_data
                0x03002958      0x120 /opt/devkitpro/devkitARM/bin/../lib/gcc/arm-none-eabi/12.2.0/../../../../arm-none-eabi/lib/thumb/libg.a(libc_a-impure.o)
                0x03002958                _impure_data
 *(.gnu.linkonce.d*)
                0x03002a78                        . = ALIGN (0x4)
                0x0803817c                        __preinit_lma = (__data_lma + SIZEOF (.data))

.igot.plt       0x03002a78        0x0 load address 0x0803817c
 .igot.plt      0x03002a78        0x0 /opt/devkitpro/devkitARM/bin/../lib/gcc/arm-none-eabi/12.2.0/../../../../arm-none-eabi/lib/thumb/gba_crt0.o

.preinit_array  0x03002a78        0x0 load address 0x0803817c
                0x03002a78                        __preinit_array_start = ABSOLUTE (.)
 *(.preinit_array)
                0x03002a78                        __preinit_array_end = ABSOLUTE (.)
                0x0803817c                        __init_lma = (__preinit_lma + SIZEOF (.preinit_array))

.init_array     0x03002a78        0x4 load address 0x0803817c
                0x03002a78                        __init_array_start = ABSOLUTE (.)
 *(SORT_BY_NAME(.init_array.*))
 *(.init_array)
 .init_array    0x03002a78        0x4 /opt/devkitpro/devkitARM/bin/../lib/gcc/arm-none-eabi/12.2.0/thumb/crtbegin.o
                0x03002a7c                        __init_array_end = ABSOLUTE (.)
                0x08038180                        __fini_lma = (__init_lma + SIZEOF (.init_array))

.fini_array     0x03002a7c        0x4 load address 0x08038180
                0x03002a7c                        __fini_array_start = ABSOLUTE (.)
 *(SORT_BY_NAME(.fini_array.*))
 *(.fini_array)
 .fini_array    0x03002a7c        0x4 /opt/devkitpro/devkitARM/bin/../lib/gcc/arm-none-eabi/12.2.0/thumb/crtbegin.o
                0x03002a80                        __fini_array_end = ABSOLUTE (.)
                0x08038184                        __jcr_lma = (__fini_lma + SIZEOF (.fini_array))

.jcr
 *(.jcr)
                0x03002a80                        __data_end__ = ABSOLUTE (.)
                0x08038184                        __iwram_overlay_lma = (__jcr_lma + SIZEOF (.jcr))
                0x03002a80                        __iwram_overlay_start = .

.iwram0         0x03002a80        0x0 load address 0x08038184
 *(.iwram0)
                0x03002a80                        . = ALIGN (0x4)
                0x08038184                        PROVIDE (__load_start_iwram0 = LOADADDR (.iwram0))
                0x08038184                        PROVIDE (__load_stop_iwram0 = (LOADADDR (.iwram0) + SIZEOF (.iwram0)))

.iwram1         0x03002a80        0x0
 *(.iwram1)
                0x03002a80                        . = ALIGN (0x4)
                [!provide]                        PROVIDE (__load_start_iwram1 = LOADADDR (.iwram1))
                [!provide]                        PROVIDE (__load_stop_iwram1 = (LOADADDR (.iwram1) + SIZEOF (.iwram1)))

.iwram2         0x03002a80        0x0
 *(.iwram2)
                0x03002a80                        . = ALIGN (0x4)
                [!provide]                        PROVIDE (__load_start_iwram2 = LOADADDR (.iwram2))
                [!provide]                        PROVIDE (__load_stop_iwram2 = (LOADADDR (.iwram2) + SIZEOF (.iwram2)))

.iwram3         0x03002a80        0x0
 *(.iwram3)
                0x03002a80                        . = ALIGN (0x4)
                [!provide]                        PROVIDE (__load_start_iwram3 = LOADADDR (.iwram3))
                [!provide]                        PROVIDE (__load_stop_iwram3 = (LOADADDR (.iwram3) + SIZEOF (.iwram3)))

.iwram4         0x03002a80        0x0
 *(.iwram4)
                0x03002a80                        . = ALIGN (0x4)
                [!provide]                        PROVIDE (__load_start_iwram4 = LOADADDR (.iwram4))
                [!provide]                        PROVIDE (__load_stop_iwram4 = (LOADADDR (.iwram4) + SIZEOF (.iwram4)))

.iwram5         0x03002a80        0x0
 *(.iwram5)
                0x03002a80                        . = ALIGN (0x4)
                [!provide]                        PROVIDE (__load_start_iwram5 = LOADADDR (.iwram5))
                [!provide]                        PROVIDE (__load_stop_iwram5 = (LOADADDR (.iwram5) + SIZEOF (.iwram5)))

.iwram6         0x03002a80        0x0
 *(.iwram6)
                0x03002a80                        . = ALIGN (0x4)
                [!provide]                        PROVIDE (__load_start_iwram6 = LOADADDR (.iwram6))
                [!provide]                        PROVIDE (__load_stop_iwram6 = (LOADADDR (.iwram6) + SIZEOF (.iwram6)))

.iwram7         0x03002a80        0x0
 *(.iwram7)
                0x03002a80                        . = ALIGN (0x4)
                [!provide]                        PROVIDE (__load_start_iwram7 = LOADADDR (.iwram7))
                [!provide]                        PROVIDE (__load_stop_iwram7 = (LOADADDR (.iwram7) + SIZEOF (.iwram7)))

.iwram8         0x03002a80        0x0
 *(.iwram8)
                0x03002a80                        . = ALIGN (0x4)
                [!provide]                        PROVIDE (__load_start_iwram8 = LOADADDR (.iwram8))
                [!provide]                        PROVIDE (__load_stop_iwram8 = (LOADADDR (.iwram8) + SIZEOF (.iwram8)))

.iwram9         0x03002a80        0x0
 *(.iwram9)
                0x03002a80                        . = ALIGN (0x4)
                [!provide]                        PROVIDE (__load_start_iwram9 = LOADADDR (.iwram9))
                [!provide]                        PROVIDE (__load_stop_iwram9 = (LOADADDR (.iwram9) + SIZEOF (.iwram9)))
                0x03002a80                        __iwram_overlay_end = .
                0x08038184                        __ewram_lma = (__iwram_overlay_lma + (__iwram_overlay_end - __iwram_overlay_start))
                0x03002a80                        __iheap_start = .
                0x02000000                        __ewram_start = ORIGIN (ewram)

.ewram          0x02000000        0x0 load address 0x08038184
 *(.ewram*)
                0x02000000                        . = ALIGN (0x4)
                0x02000000                        __ewram_end = ABSOLUTE (.)
                0x08038184                        __pad_lma = (__ewram_lma + SIZEOF (.ewram))

.sbss           0x02000000        0x0
                0x02000000                        __sbss_start__ = ABSOLUTE (.)
 *(.sbss*)
                0x02000000                        . = ALIGN (0x4)
                0x02000000                        __sbss_end__ = ABSOLUTE (.)
                0x02000000                        __end__ = ABSOLUTE (.)
                0x02000000                        __eheap_start = ABSOLUTE (.)

.pad            0x02000000        0x8 load address 0x08038184
                0x02000000        0x4 LONG 0x52416b64
                0x02000004        0x4 LONG 0x4d
                0x02000008                        . = ALIGN (0x4)
                0x0803818c                        __rom_end__ = (__pad_lma + SIZEOF (.pad))

.rel.dyn        0x02000008        0x0 load address 0x0803818c
 .rel.iplt      0x02000008        0x0 /opt/devkitpro/devkitARM/bin/../lib/gcc/arm-none-eabi/12.2.0/../../../../arm-none-eabi/lib/thumb/gba_crt0.o

.stab
 *(.stab)

.stabstr
 *(.stabstr)

.stab.excl
 *(.stab.excl)

.stab.exclstr
 *(.stab.exclstr)

.stab.index
 *(.stab.index)

.stab.indexstr
 *(.stab.indexstr)

.comment        0x00000000       0x45
 *(.comment)
 .comment       0x00000000       0x23 /opt/devkitpro/devkitARM/bin/../lib/gcc/arm-none-eabi/12.2.0/thumb/crtbegin.o
                                 0x24 (size before relaxing)
 .comment       0x00000023       0x24 background.pal.o
 .comment       0x00000023       0x24 background.raw.o
 .comment       0x00000023       0x24 credits.pal.o
 .comment       0x00000023       0x24 credits.raw.o
 .comment       0x00000023       0x24 moonquake.o
 .comment       0x00000023       0x24 sprites.pal.o
 .comment       0x00000023       0x24 sprites.raw.o
 .comment       0x00000023       0x24 titlescreen.pal.o
 .comment       0x00000023       0x24 titlescreen.raw.o
 .comment       0x00000023       0x22 /opt/devkitpro/libgba/lib/libgba.a(interrupt.o)
                                 0x23 (size before relaxing)
 .comment       0x00000045       0x24 /opt/devkitpro/devkitARM/bin/../lib/gcc/arm-none-eabi/12.2.0/../../../../arm-none-eabi/lib/thumb/libg.a(libc_a-malloc.o)
 .comment       0x00000045       0x24 /opt/devkitpro/devkitARM/bin/../lib/gcc/arm-none-eabi/12.2.0/../../../../arm-none-eabi/lib/thumb/libg.a(libc_a-mallocr.o)
 .comment       0x00000045       0x24 /opt/devkitpro/devkitARM/bin/../lib/gcc/arm-none-eabi/12.2.0/../../../../arm-none-eabi/lib/thumb/libg.a(libc_a-mlock.o)
 .comment       0x00000045       0x24 /opt/devkitpro/devkitARM/bin/../lib/gcc/arm-none-eabi/12.2.0/../../../../arm-none-eabi/lib/thumb/libg.a(libc_a-rand.o)
 .comment       0x00000045       0x24 /opt/devkitpro/devkitARM/bin/../lib/gcc/arm-none-eabi/12.2.0/../../../../arm-none-eabi/lib/thumb/libg.a(libc_a-memset.o)
 .comment       0x00000045       0x24 /opt/devkitpro/devkitARM/bin/../lib/gcc/arm-none-eabi/12.2.0/../../../../arm-none-eabi/lib/thumb/libg.a(libc_a-strlen.o)
 .comment       0x00000045       0x24 /opt/devkitpro/devkitARM/bin/../lib/gcc/arm-none-eabi/12.2.0/../../../../arm-none-eabi/lib/thumb/libg.a(libc_a-init.o)
 .comment       0x00000045       0x24 /opt/devkitpro/devkitARM/bin/../lib/gcc/arm-none-eabi/12.2.0/../../../../arm-none-eabi/lib/thumb/libg.a(libc_a-memcpy-stub.o)
 .comment       0x00000045       0x24 /opt/devkitpro/devkitARM/bin/../lib/gcc/arm-none-eabi/12.2.0/../../../../arm-none-eabi/lib/thumb/libg.a(libc_a-freer.o)
 .comment       0x00000045       0x24 /opt/devkitpro/devkitARM/bin/../lib/gcc/arm-none-eabi/12.2.0/../../../../arm-none-eabi/lib/thumb/libsysbase.a(libsysbase_libsysbase_a-getreent.o)
 .comment       0x00000045       0x24 /opt/devkitpro/devkitARM/bin/../lib/gcc/arm-none-eabi/12.2.0/../../../../arm-none-eabi/lib/thumb/libsysbase.a(libsysbase_libsysbase_a-malloc_vars.o)
 .comment       0x00000045       0x24 /opt/devkitpro/devkitARM/bin/../lib/gcc/arm-none-eabi/12.2.0/../../../../arm-none-eabi/lib/thumb/libsysbase.a(libsysbase_libsysbase_a-sbrk.o)
 .comment       0x00000045       0x24 /opt/devkitpro/devkitARM/bin/../lib/gcc/arm-none-eabi/12.2.0/../../../../arm-none-eabi/lib/thumb/libsysbase.a(libsysbase_libsysbase_a-syscall_support.o)
 .comment       0x00000045       0x24 /opt/devkitpro/devkitARM/bin/../lib/gcc/arm-none-eabi/12.2.0/thumb/libgcc.a(_muldi3.o)
 .comment       0x00000045       0x24 /opt/devkitpro/devkitARM/bin/../lib/gcc/arm-none-eabi/12.2.0/../../../../arm-none-eabi/lib/thumb/libg.a(libc_a-impure.o)
 .comment       0x00000045       0x24 /opt/devkitpro/devkitARM/bin/../lib/gcc/arm-none-eabi/12.2.0/../../../../arm-none-eabi/lib/thumb/libg.a(libc_a-findfp.o)
 .comment       0x00000045       0x24 /opt/devkitpro/devkitARM/bin/../lib/gcc/arm-none-eabi/12.2.0/thumb/crtend.o

.debug
 *(.debug)

.line
 *(.line)

.debug_srcinfo
 *(.debug_srcinfo)

.debug_sfnames
 *(.debug_sfnames)

.debug_aranges  0x00000000      0x128
 *(.debug_aranges)
 .debug_aranges
                0x00000000       0x18 background.pal.o
 .debug_aranges
                0x00000018       0x18 background.raw.o
 .debug_aranges
                0x00000030       0x18 credits.pal.o
 .debug_aranges
                0x00000048       0x18 credits.raw.o
 .debug_aranges
                0x00000060       0x28 moonquake.o
 .debug_aranges
                0x00000088       0x18 sprites.pal.o
 .debug_aranges
                0x000000a0       0x18 sprites.raw.o
 .debug_aranges
                0x000000b8       0x18 titlescreen.pal.o
 .debug_aranges
                0x000000d0       0x18 titlescreen.raw.o
 .debug_aranges
                0x000000e8       0x20 /opt/devkitpro/libgba/lib/libgba.a(interrupt.o)
 .debug_aranges
                0x00000108       0x20 /opt/devkitpro/libgba/lib/libgba.a(InterruptDispatcher.o)

.debug_pubnames
 *(.debug_pubnames)

.debug_info     0x00000000     0x57a3
 *(.debug_info)
 .debug_info    0x00000000       0x57 background.pal.o
 .debug_info    0x00000057       0x5a background.raw.o
 .debug_info    0x000000b1       0x57 credits.pal.o
 .debug_info    0x00000108       0x5a credits.raw.o
 .debug_info    0x00000162     0x509e moonquake.o
 .debug_info    0x00005200       0x57 sprites.pal.o
 .debug_info    0x00005257       0x5a sprites.raw.o
 .debug_info    0x000052b1       0x57 titlescreen.pal.o
 .debug_info    0x00005308       0x5a titlescreen.raw.o
 .debug_info    0x00005362      0x41b /opt/devkitpro/libgba/lib/libgba.a(interrupt.o)
 .debug_info    0x0000577d       0x26 /opt/devkitpro/libgba/lib/libgba.a(InterruptDispatcher.o)

.debug_abbrev   0x00000000      0x983
 *(.debug_abbrev)
 .debug_abbrev  0x00000000       0x48 background.pal.o
 .debug_abbrev  0x00000048       0x47 background.raw.o
 .debug_abbrev  0x0000008f       0x48 credits.pal.o
 .debug_abbrev  0x000000d7       0x47 credits.raw.o
 .debug_abbrev  0x0000011e      0x545 moonquake.o
 .debug_abbrev  0x00000663       0x48 sprites.pal.o
 .debug_abbrev  0x000006ab       0x47 sprites.raw.o
 .debug_abbrev  0x000006f2       0x48 titlescreen.pal.o
 .debug_abbrev  0x0000073a       0x47 titlescreen.raw.o
 .debug_abbrev  0x00000781      0x1ee /opt/devkitpro/libgba/lib/libgba.a(interrupt.o)
 .debug_abbrev  0x0000096f       0x14 /opt/devkitpro/libgba/lib/libgba.a(InterruptDispatcher.o)

.debug_line     0x00000000     0x57c7
 *(.debug_line)
 .debug_line    0x00000000       0x5d background.pal.o
 .debug_line    0x0000005d       0x5d background.raw.o
 .debug_line    0x000000ba       0x5a credits.pal.o
 .debug_line    0x00000114       0x5a credits.raw.o
 .debug_line    0x0000016e     0x4e89 moonquake.o
 .debug_line    0x00004ff7       0x5a sprites.pal.o
 .debug_line    0x00005051       0x5a sprites.raw.o
 .debug_line    0x000050ab       0x5e titlescreen.pal.o
 .debug_line    0x00005109       0x5e titlescreen.raw.o
 .debug_line    0x00005167      0x5ae /opt/devkitpro/libgba/lib/libgba.a(interrupt.o)
 .debug_line    0x00005715       0xb2 /opt/devkitpro/libgba/lib/libgba.a(InterruptDispatcher.o)

.debug_frame    0x00000000      0x7cc
 *(.debug_frame)
 .debug_frame   0x00000000      0x71c moonquake.o
 .debug_frame   0x0000071c       0xb0 /opt/devkitpro/libgba/lib/libgba.a(interrupt.o)

.debug_str      0x00000000     0x1127
 *(.debug_str)
 .debug_str     0x00000000       0xeb background.pal.o
                                 0xf8 (size before relaxing)
 .debug_str     0x000000eb       0x5d background.raw.o
                                 0xf2 (size before relaxing)
 .debug_str     0x00000148       0x4a credits.pal.o
                                 0xf2 (size before relaxing)
 .debug_str     0x00000192       0x49 credits.raw.o
                                 0xec (size before relaxing)
 .debug_str     0x000001db      0xba0 moonquake.o
                                0xd12 (size before relaxing)
 .debug_str     0x00000d7b       0x3a sprites.pal.o
                                 0xf2 (size before relaxing)
 .debug_str     0x00000db5       0x3a sprites.raw.o
                                 0xec (size before relaxing)
 .debug_str     0x00000def       0x3e titlescreen.pal.o
                                 0xfa (size before relaxing)
 .debug_str     0x00000e2d       0x3e titlescreen.raw.o
                                 0xf4 (size before relaxing)
 .debug_str     0x00000e6b      0x25c /opt/devkitpro/libgba/lib/libgba.a(interrupt.o)
                                0x310 (size before relaxing)
 .debug_str     0x000010c7       0x60 /opt/devkitpro/libgba/lib/libgba.a(InterruptDispatcher.o)
                                 0xa0 (size before relaxing)

.debug_loc      0x00000000      0x446
 *(.debug_loc)
 .debug_loc     0x00000000      0x446 /opt/devkitpro/libgba/lib/libgba.a(interrupt.o)

.debug_macinfo
 *(.debug_macinfo)

.debug_weaknames
 *(.debug_weaknames)

.debug_funcnames
 *(.debug_funcnames)

.debug_typenames
 *(.debug_typenames)

.debug_varnames
 *(.debug_varnames)

.stack          0x00080000        0x0
                0x00080000                        _stack = .
 *(.stack)

.note.gnu.arm.ident
 *(.note.gnu.arm.ident)

.ARM.attributes
                0x00000000       0x2c
 *(.ARM.attributes)
 .ARM.attributes
                0x00000000       0x20 /opt/devkitpro/devkitARM/bin/../lib/gcc/arm-none-eabi/12.2.0/../../../../arm-none-eabi/lib/thumb/gba_crt0.o
 .ARM.attributes
                0x00000020       0x1c /opt/devkitpro/devkitARM/bin/../lib/gcc/arm-none-eabi/12.2.0/thumb/crti.o
 .ARM.attributes
                0x0000003c       0x2a /opt/devkitpro/devkitARM/bin/../lib/gcc/arm-none-eabi/12.2.0/thumb/crtbegin.o
 .ARM.attributes
                0x00000066       0x1a soundbank.bin.o
 .ARM.attributes
                0x00000080       0x2a background.pal.o
 .ARM.attributes
                0x000000aa       0x2a background.raw.o
 .ARM.attributes
                0x000000d4       0x2a credits.pal.o
 .ARM.attributes
                0x000000fe       0x2a credits.raw.o
 .ARM.attributes
                0x00000128       0x2a moonquake.o
 .ARM.attributes
                0x00000152       0x2a sprites.pal.o
 .ARM.attributes
                0x0000017c       0x2a sprites.raw.o
 .ARM.attributes
                0x000001a6       0x2a titlescreen.pal.o
 .ARM.attributes
                0x000001d0       0x2a titlescreen.raw.o
 .ARM.attributes
                0x000001fa       0x1a /opt/devkitpro/libgba/lib/libmm.a(mm_effect.o)
 .ARM.attributes
                0x00000214       0x1a /opt/devkitpro/libgba/lib/libmm.a(mm_mas_arm.o)
 .ARM.attributes
                0x0000022e       0x1a /opt/devkitpro/libgba/lib/libmm.a(mm_mixer_gba.o)
 .ARM.attributes
                0x00000248       0x1a /opt/devkitpro/libgba/lib/libmm.a(mm_init_default.o)
 .ARM.attributes
                0x00000262       0x1a /opt/devkitpro/libgba/lib/libmm.a(mm_main_gba.o)
 .ARM.attributes
                0x0000027c       0x1a /opt/devkitpro/libgba/lib/libmm.a(mm_mas.o)
 .ARM.attributes
                0x00000296       0x1a /opt/devkitpro/libgba/lib/libmm.a(mm_main.o)
 .ARM.attributes
                0x000002b0       0x2a /opt/devkitpro/libgba/lib/libgba.a(interrupt.o)
 .ARM.attributes
                0x000002da       0x1a /opt/devkitpro/libgba/lib/libgba.a(InterruptDispatcher.o)
 .ARM.attributes
                0x000002f4       0x1c /opt/devkitpro/devkitARM/bin/../lib/gcc/arm-none-eabi/12.2.0/thumb/libgcc.a(_udivsi3.o)
 .ARM.attributes
                0x00000310       0x1c /opt/devkitpro/devkitARM/bin/../lib/gcc/arm-none-eabi/12.2.0/thumb/libgcc.a(_divsi3.o)
 .ARM.attributes
                0x0000032c       0x1c /opt/devkitpro/devkitARM/bin/../lib/gcc/arm-none-eabi/12.2.0/thumb/libgcc.a(_dvmd_tls.o)
 .ARM.attributes
                0x00000348       0x1c /opt/devkitpro/devkitARM/bin/../lib/gcc/arm-none-eabi/12.2.0/thumb/libgcc.a(_call_via_rX.o)
 .ARM.attributes
                0x00000364       0x2a /opt/devkitpro/devkitARM/bin/../lib/gcc/arm-none-eabi/12.2.0/../../../../arm-none-eabi/lib/thumb/libg.a(libc_a-malloc.o)
 .ARM.attributes
                0x0000038e       0x2a /opt/devkitpro/devkitARM/bin/../lib/gcc/arm-none-eabi/12.2.0/../../../../arm-none-eabi/lib/thumb/libg.a(libc_a-mallocr.o)
 .ARM.attributes
                0x000003b8       0x2a /opt/devkitpro/devkitARM/bin/../lib/gcc/arm-none-eabi/12.2.0/../../../../arm-none-eabi/lib/thumb/libg.a(libc_a-mlock.o)
 .ARM.attributes
                0x000003e2       0x2a /opt/devkitpro/devkitARM/bin/../lib/gcc/arm-none-eabi/12.2.0/../../../../arm-none-eabi/lib/thumb/libg.a(libc_a-rand.o)
 .ARM.attributes
                0x0000040c       0x2a /opt/devkitpro/devkitARM/bin/../lib/gcc/arm-none-eabi/12.2.0/../../../../arm-none-eabi/lib/thumb/libg.a(libc_a-memset.o)
 .ARM.attributes
                0x00000436       0x2a /opt/devkitpro/devkitARM/bin/../lib/gcc/arm-none-eabi/12.2.0/../../../../arm-none-eabi/lib/thumb/libg.a(libc_a-strlen.o)
 .ARM.attributes
                0x00000460       0x2a /opt/devkitpro/devkitARM/bin/../lib/gcc/arm-none-eabi/12.2.0/../../../../arm-none-eabi/lib/thumb/libg.a(libc_a-init.o)
 .ARM.attributes
                0x0000048a       0x2a /opt/devkitpro/devkitARM/bin/../lib/gcc/arm-none-eabi/12.2.0/../../../../arm-none-eabi/lib/thumb/libg.a(libc_a-memcpy-stub.o)
 .ARM.attributes
                0x000004b4       0x2a /opt/devkitpro/devkitARM/bin/../lib/gcc/arm-none-eabi/12.2.0/../../../../arm-none-eabi/lib/thumb/libg.a(libc_a-freer.o)
 .ARM.attributes
                0x000004de       0x2a /opt/devkitpro/devkitARM/bin/../lib/gcc/arm-none-eabi/12.2.0/../../../../arm-none-eabi/lib/thumb/libsysbase.a(libsysbase_libsysbase_a-getreent.o)
 .ARM.attributes
                0x00000508       0x2a /opt/devkitpro/devkitARM/bin/../lib/gcc/arm-none-eabi/12.2.0/../../../../arm-none-eabi/lib/thumb/libsysbase.a(libsysbase_libsysbase_a-malloc_vars.o)
 .ARM.attributes
                0x00000532       0x2a /opt/devkitpro/devkitARM/bin/../lib/gcc/arm-none-eabi/12.2.0/../../../../arm-none-eabi/lib/thumb/libsysbase.a(libsysbase_libsysbase_a-sbrk.o)
 .ARM.attributes
                0x0000055c       0x2a /opt/devkitpro/devkitARM/bin/../lib/gcc/arm-none-eabi/12.2.0/../../../../arm-none-eabi/lib/thumb/libsysbase.a(libsysbase_libsysbase_a-syscall_support.o)
 .ARM.attributes
                0x00000586       0x2a /opt/devkitpro/devkitARM/bin/../lib/gcc/arm-none-eabi/12.2.0/../../../../arm-none-eabi/lib/thumb/libsysbase.a(libsysbase_libsysbase_a-clocks.o)
 .ARM.attributes
                0x000005b0       0x2a /opt/devkitpro/devkitARM/bin/../lib/gcc/arm-none-eabi/12.2.0/thumb/libgcc.a(_muldi3.o)
 .ARM.attributes
                0x000005da       0x2a /opt/devkitpro/devkitARM/bin/../lib/gcc/arm-none-eabi/12.2.0/../../../../arm-none-eabi/lib/thumb/libg.a(libc_a-impure.o)
 .ARM.attributes
                0x00000604       0x2a /opt/devkitpro/devkitARM/bin/../lib/gcc/arm-none-eabi/12.2.0/../../../../arm-none-eabi/lib/thumb/libg.a(libc_a-errno.o)
 .ARM.attributes
                0x0000062e       0x2a /opt/devkitpro/devkitARM/bin/../lib/gcc/arm-none-eabi/12.2.0/../../../../arm-none-eabi/lib/thumb/libg.a(libc_a-findfp.o)
 .ARM.attributes
                0x00000658       0x2a /opt/devkitpro/devkitARM/bin/../lib/gcc/arm-none-eabi/12.2.0/../../../../arm-none-eabi/lib/thumb/libg.a(libc_a-fwalk.o)
 .ARM.attributes
                0x00000682       0x2a /opt/devkitpro/devkitARM/bin/../lib/gcc/arm-none-eabi/12.2.0/../../../../arm-none-eabi/lib/thumb/libg.a(libc_a-stdio.o)
 .ARM.attributes
                0x000006ac       0x2a /opt/devkitpro/devkitARM/bin/../lib/gcc/arm-none-eabi/12.2.0/../../../../arm-none-eabi/lib/thumb/libg.a(libc_a-fclose.o)
 .ARM.attributes
                0x000006d6       0x2a /opt/devkitpro/devkitARM/bin/../lib/gcc/arm-none-eabi/12.2.0/../../../../arm-none-eabi/lib/thumb/libg.a(libc_a-fflush.o)
 .ARM.attributes
                0x00000700       0x2a /opt/devkitpro/devkitARM/bin/../lib/gcc/arm-none-eabi/12.2.0/../../../../arm-none-eabi/lib/thumb/libsysbase.a(libsysbase_libsysbase_a-handle_manager.o)
 .ARM.attributes
                0x0000072a       0x2a /opt/devkitpro/devkitARM/bin/../lib/gcc/arm-none-eabi/12.2.0/../../../../arm-none-eabi/lib/thumb/libsysbase.a(libsysbase_libsysbase_a-iosupport.o)
 .ARM.attributes
                0x00000754       0x2a /opt/devkitpro/devkitARM/bin/../lib/gcc/arm-none-eabi/12.2.0/../../../../arm-none-eabi/lib/thumb/libsysbase.a(libsysbase_libsysbase_a-lseek.o)
 .ARM.attributes
                0x0000077e       0x2a /opt/devkitpro/devkitARM/bin/../lib/gcc/arm-none-eabi/12.2.0/../../../../arm-none-eabi/lib/thumb/libsysbase.a(libsysbase_libsysbase_a-read.o)
 .ARM.attributes
                0x000007a8       0x2a /opt/devkitpro/devkitARM/bin/../lib/gcc/arm-none-eabi/12.2.0/../../../../arm-none-eabi/lib/thumb/libsysbase.a(libsysbase_libsysbase_a-write.o)
 .ARM.attributes
                0x000007d2       0x2a /opt/devkitpro/devkitARM/bin/../lib/gcc/arm-none-eabi/12.2.0/../../../../arm-none-eabi/lib/thumb/libg.a(libc_a-ctype_.o)
 .ARM.attributes
                0x000007fc       0x2a /opt/devkitpro/devkitARM/bin/../lib/gcc/arm-none-eabi/12.2.0/../../../../arm-none-eabi/lib/thumb/libg.a(libc_a-strchr.o)
 .ARM.attributes
                0x00000826       0x2a /opt/devkitpro/devkitARM/bin/../lib/gcc/arm-none-eabi/12.2.0/../../../../arm-none-eabi/lib/thumb/libg.a(libc_a-strncmp.o)
 .ARM.attributes
                0x00000850       0x1a /opt/devkitpro/devkitARM/bin/../lib/gcc/arm-none-eabi/12.2.0/../../../../arm-none-eabi/lib/thumb/libg.a(libc_a-strcmp.o)
 .ARM.attributes
                0x0000086a       0x2a /opt/devkitpro/devkitARM/bin/../lib/gcc/arm-none-eabi/12.2.0/thumb/crtend.o
 .ARM.attributes
                0x00000894       0x1c /opt/devkitpro/devkitARM/bin/../lib/gcc/arm-none-eabi/12.2.0/thumb/crtn.o

/DISCARD/
 *(.note.GNU-stack)
LOAD /opt/devkitpro/devkitARM/bin/../lib/gcc/arm-none-eabi/12.2.0/../../../../arm-none-eabi/lib/thumb/gba_crt0.o
LOAD /opt/devkitpro/devkitARM/bin/../lib/gcc/arm-none-eabi/12.2.0/thumb/crti.o
LOAD /opt/devkitpro/devkitARM/bin/../lib/gcc/arm-none-eabi/12.2.0/thumb/crtbegin.o
LOAD soundbank.bin.o
LOAD background.pal.o
LOAD background.raw.o
LOAD credits.pal.o
LOAD credits.raw.o
LOAD moonquake.o
LOAD sprites.pal.o
LOAD sprites.raw.o
LOAD titlescreen.pal.o
LOAD titlescreen.raw.o
LOAD /opt/devkitpro/libgba/lib/libmm.a
LOAD /opt/devkitpro/libgba/lib/libgba.a
START GROUP
LOAD /opt/devkitpro/devkitARM/bin/../lib/gcc/arm-none-eabi/12.2.0/thumb/libgcc.a
LOAD /opt/devkitpro/devkitARM/bin/../lib/gcc/arm-none-eabi/12.2.0/../../../../arm-none-eabi/lib/thumb/libg.a
LOAD /opt/devkitpro/devkitARM/bin/../lib/gcc/arm-none-eabi/12.2.0/../../../../arm-none-eabi/lib/thumb/libc.a
LOAD /opt/devkitpro/devkitARM/bin/../lib/gcc/arm-none-eabi/12.2.0/../../../../arm-none-eabi/lib/thumb/libsysbase.a
END GROUP
LOAD /opt/devkitpro/devkitARM/bin/../lib/gcc/arm-none-eabi/12.2.0/thumb/crtend.o
LOAD /opt/devkitpro/devkitARM/bin/../lib/gcc/arm-none-eabi/12.2.0/thumb/crtn.o
OUTPUT(/Users/david/gba/moonquake/moonquake/moonquake.elf elf32-littlearm)
LOAD linker stubs

.debug_loclists
                0x00000000     0x4266
 .debug_loclists
                0x00000000     0x4266 moonquake.o

.debug_rnglists
                0x00000000      0x76e
 .debug_rnglists
                0x00000000      0x76e moonquake.o

.debug_ranges   0x00000000       0x70
 .debug_ranges  0x00000000       0x70 /opt/devkitpro/libgba/lib/libgba.a(interrupt.o)
